---
source: crates/anthropic/tests/request_encode.rs
expression: pretty(&out.body)
---
{
  "model": "claude-opus-5",
  "messages": [
    {
      "role": "user",
      "content": [
        {
          "type": "document",
          "source": {
            "type": "base64",
            "media_type": "application/pdf",
            "data": "JVBERg=="
          },
          "title": "Rep\"ort"
        },
        {
          "type": "document",
          "source": {
            "type": "text",
            "media_type": "text/plain",
            "data": "hello doc"
          }
        }
      ]
    }
  ],
  "max_tokens": 1024
}
