---
source: crates/anthropic/tests/request_encode.rs
expression: pretty(&out.body)
---
{
  "model": "claude-opus-5",
  "messages": [
    {
      "role": "user",
      "content": [
        {
          "type": "text",
          "text": "hi"
        }
      ]
    }
  ],
  "max_tokens": 1024,
  "thinking": {
    "type": "adaptive"
  },
  "output_config": {
    "effort": "high"
  }
}
