---
source: crates/anthropic/tests/request_encode.rs
expression: pretty(&out.body)
---
{
  "model": "claude-opus-5",
  "messages": [
    {
      "role": "user",
      "content": [
        {
          "type": "text",
          "text": "one"
        }
      ]
    },
    {
      "role": "system",
      "content": [
        {
          "type": "text",
          "text": "mid rule"
        }
      ]
    },
    {
      "role": "assistant",
      "content": [
        {
          "type": "text",
          "text": "hi"
        }
      ]
    },
    {
      "role": "user",
      "content": [
        {
          "type": "text",
          "text": "two"
        }
      ]
    }
  ],
  "max_tokens": 1024
}
