---
source: crates/chat/tests/request.rs
expression: "encode_request_str(&ir, &gpt4o())"
---
{"model":"gpt-4o","messages":[{"role":"system","content":"You are a helpful assistant."},{"role":"user","content":"Hello, who won the world cup in 2018?"}],"temperature":0.7,"top_p":1,"max_completion_tokens":256}
