---
source: crates/chat/tests/response.rs
expression: "encode_response(&r, &ctx())"
---
{"id":"chatcmpl-test","object":"chat.completion","created":1700000000,"model":"gpt-4o","choices":[{"index":0,"message":{"role":"assistant","content":null,"refusal":"I can't help with that."},"finish_reason":"stop","logprobs":null}],"usage":{"prompt_tokens":15,"completion_tokens":8,"total_tokens":23}}
