---
source: crates/xlate/tests/golden_matrix.rs
expression: rendered
---
--- body ---
{
  "model": "gpt-4o",
  "messages": [
    {
      "role": "user",
      "content": "Make a code and call the tool."
    }
  ],
  "tools": [
    {
      "type": "function",
      "function": {
        "name": "make_code",
        "description": "Make a code.",
        "parameters": {
          "additionalProperties": false,
          "properties": {
            "code": {
              "minLength": 2,
              "type": "string"
            }
          },
          "required": [
            "code"
          ],
          "type": "object"
        }
      }
    }
  ],
  "max_completion_tokens": 128
}
--- headers ---
upstream_streams: false
--- degraded ---
