---
source: crates/xlate/tests/golden_matrix.rs
expression: resp_rendered
---
{
  "id": "resp_golden",
  "object": "response",
  "created_at": 1700000000,
  "status": "completed",
  "background": null,
  "error": null,
  "incomplete_details": null,
  "instructions": null,
  "max_output_tokens": null,
  "metadata": {},
  "model": "golden-model",
  "output": [
    {
      "id": "msg_0fc68ffd0a829ebb006aa268b8f23487d286622cb1315de868",
      "type": "message",
      "status": "completed",
      "role": "assistant",
      "content": [
        {
          "type": "output_text",
          "text": "It seems you've referenced a \"Dummy PDF file\" but haven't provided any actual content to summarize. If you can share text or key points from the document, I'd be happy to help summarize it for you!",
          "annotations": []
        }
      ]
    }
  ],
  "parallel_tool_calls": true,
  "previous_response_id": null,
  "reasoning": null,
  "service_tier": null,
  "store": null,
  "temperature": null,
  "text": null,
  "tool_choice": "auto",
  "tools": [],
  "top_p": null,
  "truncation": "disabled",
  "usage": {
    "input_tokens": 31,
    "input_tokens_details": {
      "cached_tokens": 0,
      "cache_write_tokens": 0
    },
    "output_tokens": 42,
    "output_tokens_details": {
      "reasoning_tokens": 0
    },
    "total_tokens": 73
  },
  "user": null
}
