---
source: crates/xlate/tests/golden_matrix.rs
expression: out
---
--- decoded XlateError ---
kind=invalid_request status=400 retryable=false param=reasoning_effort provider_type=invalid_request_error retry_after=- upstream_request_id=req_199bc38a16f24391a6a8ef8c8b09be36
message: Function tools with reasoning_effort are not supported for gpt-5.4 in /v1/chat/completions. To use function tools, use /v1/responses or set reasoning_effort to 'none'.

--- chat (non-streaming) ---
status: 400
headers:
  content-type: application/json
  x-router-upstream-request-id: req_199bc38a16f24391a6a8ef8c8b09be36
body:
{
  "error": {
    "message": "Function tools with reasoning_effort are not supported for gpt-5.4 in /v1/chat/completions. To use function tools, use /v1/responses or set reasoning_effort to 'none'.",
    "type": "invalid_request_error",
    "param": "reasoning_effort",
    "code": null
  }
}
--- chat (streaming, pre-start) ---
status: 400
frames:
data: {"error":{"message":"Function tools with reasoning_effort are not supported for gpt-5.4 in /v1/chat/completions. To use function tools, use /v1/responses or set reasoning_effort to 'none'.","type":"invalid_request_error","param":"reasoning_effort","code":null}}

data: [DONE]


--- responses (non-streaming) ---
status: 400
headers:
  content-type: application/json
  x-router-upstream-request-id: req_199bc38a16f24391a6a8ef8c8b09be36
body:
{
  "error": {
    "message": "Function tools with reasoning_effort are not supported for gpt-5.4 in /v1/chat/completions. To use function tools, use /v1/responses or set reasoning_effort to 'none'.",
    "type": "invalid_request_error",
    "param": "reasoning_effort",
    "code": null
  }
}
--- responses (streaming, pre-start) ---
status: 400
frames:
event: error
data: {"type":"error","code":null,"message":"Function tools with reasoning_effort are not supported for gpt-5.4 in /v1/chat/completions. To use function tools, use /v1/responses or set reasoning_effort to 'none'.","param":"reasoning_effort","sequence_number":0}


--- anthropic (non-streaming) ---
status: 400
headers:
  x-router-upstream-request-id: req_199bc38a16f24391a6a8ef8c8b09be36
body:
{
  "type": "error",
  "error": {
    "type": "invalid_request_error",
    "message": "Function tools with reasoning_effort are not supported for gpt-5.4 in /v1/chat/completions. To use function tools, use /v1/responses or set reasoning_effort to 'none'."
  },
  "request_id": "req_199bc38a16f24391a6a8ef8c8b09be36"
}
--- anthropic (streaming, pre-start) ---
status: 400
frames:
event: error
data: {"type":"error","error":{"type":"invalid_request_error","message":"Function tools with reasoning_effort are not supported for gpt-5.4 in /v1/chat/completions. To use function tools, use /v1/responses or set reasoning_effort to 'none'."},"request_id":"req_199bc38a16f24391a6a8ef8c8b09be36"}
