---
source: crates/xlate/tests/golden_matrix.rs
expression: resp_rendered
---
{
  "id": "resp_golden",
  "type": "message",
  "role": "assistant",
  "model": "golden-model",
  "content": [
    {
      "type": "redacted_thinking",
      "data": "EqEDCpABCBEYAipAbIqy++RcILScfoffOH9Y40RLOHmntcirouuTc5xjVDY0loJJr9uHbRs6gtIamlwgeqClxrSXinKdhbscgCn8gDIPY2xhdWRlLXNvbm5ldC01OABCCHRoaW5raW5nWiRkZmQ0NTJkMC00NWEyLTQ4YjAtODhiZS05NWExMWU3YTQ1ZjCoAZjSidUGEgyKyG/CFtgeKVb4aR4aDGa2i95xSu76CxJdESIwBtuqTQpwi2e0HUyeMZpkpU8j3kS8gbCyqnfO036FgGeMQXAMnQK9+PEgC66Zq1WaKr0BlZTs5ee/eQmcpQh0c+NBjkKoAO11x1d2xlcokll2XzdCzc5L4kU7/IEMWMbVqZJRiCnBYyZbGQEgZff9I3qGwE6EV4t6/u7ELM2YXbvjasWS+F9a4v9S3FOJuL+NdAF6R9AeMN7vsi3VxvY74eUJCWke0HlVsVFhFEiWuGse+1qgA3ugPdXUUD128qkXwAGkZ+YZo5BFiwB7C64cVdBT0g24bkAFq/6+jEW7h7btXq4kBvM+4i4m28Ns9N9oGAE="
    },
    {
      "type": "text",
      "text": "It looks like your message got cut off — I don't see any actual quest"
    }
  ],
  "stop_reason": "max_tokens",
  "stop_sequence": null,
  "usage": {
    "input_tokens": 19,
    "cache_read_input_tokens": 0,
    "cache_creation_input_tokens": 0,
    "cache_creation": {
      "ephemeral_5m_input_tokens": 0,
      "ephemeral_1h_input_tokens": 0
    },
    "output_tokens": 64
  }
}
