---
source: crates/xlate/tests/golden_matrix.rs
expression: render_frames(&frames)
---
data: {"id":"resp_golden","object":"chat.completion.chunk","created":1700000000,"model":"golden-model","choices":[{"index":0,"delta":{"role":"assistant","content":""},"finish_reason":null}]}

data: {"id":"resp_golden","object":"chat.completion.chunk","created":1700000000,"model":"golden-model","choices":[{"index":0,"delta":{"reasoning_content":"Let me think. "},"finish_reason":null}]}

data: {"id":"resp_golden","object":"chat.completion.chunk","created":1700000000,"model":"golden-model","choices":[{"index":0,"delta":{"reasoning_content":"17*23=391."},"finish_reason":null}]}

data: {"id":"resp_golden","object":"chat.completion.chunk","created":1700000000,"model":"golden-model","choices":[{"index":0,"delta":{"reasoning_details":[{"type":"router.opaque","data":"rtr1.eyJ2IjoxLCJwIjoib3BlbmFpIiwibSI6ImdwdC01LjQiLCJrIjoiZW5jcnlwdGVkIiwiZCI6ImVuYy1zdHJlYW0tYmxvYiIsImgiOiJONm8yNHdSWXhsYWVYMW9QUjJIUUl6dGxVT2JPQ05jeHBLZHdEWmdVYjJRIn0"}]},"finish_reason":null}]}

data: {"id":"resp_golden","object":"chat.completion.chunk","created":1700000000,"model":"golden-model","choices":[{"index":0,"delta":{"content":"The answer is 391."},"finish_reason":null}]}

data: {"id":"resp_golden","object":"chat.completion.chunk","created":1700000000,"model":"golden-model","choices":[{"index":0,"delta":{},"finish_reason":"stop"}]}

data: {"id":"resp_golden","object":"chat.completion.chunk","created":1700000000,"model":"golden-model","choices":[],"usage":{"prompt_tokens":25,"completion_tokens":40,"total_tokens":65,"completion_tokens_details":{"reasoning_tokens":30}}}

data: [DONE]
