---
source: crates/xlate/tests/golden_matrix.rs
expression: resp_rendered
---
{
  "id": "resp_golden",
  "object": "response",
  "created_at": 1700000000,
  "status": "completed",
  "background": null,
  "error": null,
  "incomplete_details": null,
  "instructions": null,
  "max_output_tokens": null,
  "metadata": {},
  "model": "golden-model",
  "output": [
    {
      "type": "reasoning",
      "id": "rs_0f3bba60016a6f6c006aa268a4d34c87d2939ddff562aa64b9",
      "summary": [
        {
          "type": "summary_text",
          "text": "**Calculating 17 times 23**\n\nThe user asks for 17 times 23 and suggests I think before answering. So, I could show some reasoning but keep it brief. I can break it down into parts: 17 times 20 equals 340, and 17 times 3 equals 51. Adding those gives me 391. So, I can confidently say that 17 times 23 is 391, including the succinct reasoning for clarity."
        }
      ],
      "status": "completed"
    },
    {
      "id": "msg_0f3bba60016a6f6c006aa268a8955087d2aff725143035b9b6",
      "type": "message",
      "status": "completed",
      "role": "assistant",
      "content": [
        {
          "type": "output_text",
          "text": "17 × 23 = (17 × 20) + (17 × 3) = 340 + 51 = 391.",
          "annotations": []
        }
      ]
    }
  ],
  "parallel_tool_calls": true,
  "previous_response_id": null,
  "reasoning": null,
  "service_tier": null,
  "store": null,
  "temperature": null,
  "text": null,
  "tool_choice": "auto",
  "tools": [],
  "top_p": null,
  "truncation": "disabled",
  "usage": {
    "input_tokens": 18,
    "input_tokens_details": {
      "cached_tokens": 0,
      "cache_write_tokens": 0
    },
    "output_tokens": 212,
    "output_tokens_details": {
      "reasoning_tokens": 128
    },
    "total_tokens": 230
  },
  "user": null
}
