---
source: crates/xlate/tests/golden_matrix.rs
expression: resp_rendered
---
{
  "id": "resp_golden",
  "object": "chat.completion",
  "created": 1700000000,
  "model": "golden-model",
  "choices": [
    {
      "index": 0,
      "message": {
        "role": "assistant",
        "content": null,
        "refusal": null,
        "tool_calls": [
          {
            "id": "toolu_01BgCB3AAa7ki9Cbz7yeRqZc",
            "type": "function",
            "function": {
              "name": "get_weather",
              "arguments": "{\"city\": \"Paris\"}"
            }
          }
        ],
        "reasoning_details": [
          {
            "type": "router.opaque",
            "data": "rtr1.eyJ2IjoxLCJwIjoiYW50aHJvcGljIiwibSI6ImNsYXVkZS1zb25uZXQtNSIsImsiOiJzaWduYXR1cmUiLCJkIjoiRXIwQ0NwQUJDQkVZQWlwQVQ0dm94M0J1ZDlxb2paUDZTR3U4cmpUZWFFWHBncXdDbWYwTDFSekwwa3dKUTRNTlgvQk94eXNFbnBxOUFCc25wdC95bjdrYVJpMUg4YzhEYnlJSHN6SVBZMnhoZFdSbExYTnZibTVsZEMwMU9BQkNDSFJvYVc1cmFXNW5XaVJrWm1RME5USmtNQzAwTldFeUxUUTRZakF0T0RoaVpTMDVOV0V4TVdVM1lUUTFaakNvQWZUUmlkVUdFZ3gzdFNVUlhkbE1oT3lQek5VYURMcFBKcVpOTXdIYUxGbTkvU0l3ejZjckh1S3g0OUhKN2F6WkJhT0gxZ3Y4Z3VOUmNjUlNsWWQ3UkRVcjJVMzFLdHMzRkxNUFh6ZnUrRTRRem4vb0tsb0tNb1hXK3hpOHVJMTBLZXhQOVlValJuOXRjeTVkK2JTMThYSDQ0U1Z1QXF6MURvY2IxWVp3ZlJQcEYyY0IyRTFyQnlIRnNUNFlyamRNR05vYmNsWmhVMU5hUFFCQ2RLWm9uQVl1R1ZhVnFHWUpmNllLUm40R2xXRVlBUT09IiwiaCI6IktuWjUtNjVkZ3pLLWtxdVYtODFLaTB3Z2JXMFZYNy1tU0xtMk9DTFNBVkkifQ"
          }
        ]
      },
      "finish_reason": "tool_calls",
      "logprobs": null
    }
  ],
  "usage": {
    "prompt_tokens": 456,
    "completion_tokens": 77,
    "total_tokens": 533,
    "prompt_tokens_details": {
      "cached_tokens": 0,
      "cache_creation_tokens": 0,
      "cache_creation_1h_tokens": 0
    },
    "completion_tokens_details": {
      "reasoning_tokens": 25
    }
  }
}
