---
source: crates/xlate/tests/golden_matrix.rs
expression: rendered
---
--- body ---
{
  "model": "claude-opus-4-6",
  "messages": [
    {
      "role": "user",
      "content": [
        {
          "type": "text",
          "text": "Reply with a short greeting."
        }
      ]
    }
  ],
  "max_tokens": 64,
  "cache_control": {
    "type": "ephemeral"
  }
}
--- headers ---
anthropic-version: 2023-06-01
upstream_streams: false
--- degraded ---
previous_response_id=dropped
