---
source: crates/xlate/tests/golden_matrix.rs
expression: out
---
--- decoded XlateError ---
kind=invalid_request status=400 retryable=false param=- provider_type=invalid_request_error retry_after=- upstream_request_id=req_011CeuSN8sca3K29qNH34wVn
message: max_tokens: 100000000 > 128000, which is the maximum allowed number of output tokens for claude-sonnet-5

--- chat (non-streaming) ---
status: 400
headers:
  content-type: application/json
  x-router-upstream-request-id: req_011CeuSN8sca3K29qNH34wVn
body:
{
  "error": {
    "message": "max_tokens: 100000000 > 128000, which is the maximum allowed number of output tokens for claude-sonnet-5",
    "type": "invalid_request_error",
    "param": null,
    "code": null
  }
}
--- chat (streaming, pre-start) ---
status: 400
frames:
data: {"error":{"message":"max_tokens: 100000000 > 128000, which is the maximum allowed number of output tokens for claude-sonnet-5","type":"invalid_request_error","param":null,"code":null}}

data: [DONE]


--- responses (non-streaming) ---
status: 400
headers:
  content-type: application/json
  x-router-upstream-request-id: req_011CeuSN8sca3K29qNH34wVn
body:
{
  "error": {
    "message": "max_tokens: 100000000 > 128000, which is the maximum allowed number of output tokens for claude-sonnet-5",
    "type": "invalid_request_error",
    "param": null,
    "code": null
  }
}
--- responses (streaming, pre-start) ---
status: 400
frames:
event: error
data: {"type":"error","code":null,"message":"max_tokens: 100000000 > 128000, which is the maximum allowed number of output tokens for claude-sonnet-5","param":null,"sequence_number":0}


--- anthropic (non-streaming) ---
status: 400
headers:
  x-router-upstream-request-id: req_011CeuSN8sca3K29qNH34wVn
body:
{
  "type": "error",
  "error": {
    "type": "invalid_request_error",
    "message": "max_tokens: 100000000 > 128000, which is the maximum allowed number of output tokens for claude-sonnet-5"
  },
  "request_id": "req_011CeuSN8sca3K29qNH34wVn"
}
--- anthropic (streaming, pre-start) ---
status: 400
frames:
event: error
data: {"type":"error","error":{"type":"invalid_request_error","message":"max_tokens: 100000000 > 128000, which is the maximum allowed number of output tokens for claude-sonnet-5"},"request_id":"req_011CeuSN8sca3K29qNH34wVn"}
