---
source: crates/xlate/tests/golden_matrix.rs
expression: resp_rendered
---
{
  "id": "resp_golden",
  "object": "response",
  "created_at": 1700000000,
  "status": "incomplete",
  "background": null,
  "error": null,
  "incomplete_details": {
    "reason": "max_output_tokens"
  },
  "instructions": null,
  "max_output_tokens": null,
  "metadata": {},
  "model": "golden-model",
  "output": [
    {
      "type": "reasoning",
      "id": "rs_011b1331d8e660a1006aa2689f584c87d2bac87587feba6869",
      "summary": [
        {
          "type": "summary_text",
          "text": "**Explaining the blue sky**\n\nThe user is asking for a step-by-step breakdown of why the sky is blue, focusing on Rayleigh scattering. \n\nFirst, sunlight appears white since it contains all visible wavelengths. \n\nNext, the atmosphere has nitrogen and oxygen molecules. \n\nLight scattering occurs as these particles scatter sunlight, with intensity inversely proportional to the fourth power of the wavelength.\n\nSince blue light has a shorter wavelength, it scatters more than red light. \n\nFinally, during sunrise and sunset, longer paths through the atmosphere remove blue light, giving the sky a red or orange appearance."
        }
      ],
      "status": "completed"
    }
  ],
  "parallel_tool_calls": true,
  "previous_response_id": null,
  "reasoning": null,
  "service_tier": null,
  "store": null,
  "temperature": null,
  "text": null,
  "tool_choice": "auto",
  "tools": [],
  "top_p": null,
  "truncation": "disabled",
  "usage": {
    "input_tokens": 17,
    "input_tokens_details": {
      "cached_tokens": 0
    },
    "output_tokens": 256,
    "output_tokens_details": {
      "reasoning_tokens": 256
    },
    "total_tokens": 273
  },
  "user": null
}
