---
source: crates/xlate/tests/golden_matrix.rs
expression: rendered
---
--- body ---
{
  "model": "gpt-4o",
  "messages": [
    {
      "role": "user",
      "content": "What is 17*23? Think step by step, then give the number."
    }
  ],
  "max_completion_tokens": 256,
  "stream": true,
  "stream_options": {
    "include_usage": true
  }
}
--- headers ---
upstream_streams: true
--- degraded ---
reasoning=dropped
