---
source: crates/xlate/tests/golden_matrix.rs
expression: rendered
---
--- body ---
{
  "model": "claude-3-5-sonnet-latest",
  "messages": [
    {
      "role": "user",
      "content": [
        {
          "type": "text",
          "text": "Extract the person."
        }
      ]
    }
  ],
  "max_tokens": 8192,
  "output_config": {
    "format": {
      "type": "json_schema",
      "schema": {
        "type": "object",
        "properties": {
          "name": {
            "type": "string"
          },
          "age": {
            "type": "integer"
          }
        },
        "required": [
          "name",
          "age"
        ],
        "additionalProperties": false
      }
    }
  },
  "cache_control": {
    "type": "ephemeral"
  }
}
--- headers ---
anthropic-version: 2023-06-01
upstream_streams: false
--- degraded ---
