---
source: crates/xlate/tests/golden_matrix.rs
expression: rendered
---
--- body ---
{
  "model": "gpt-5.4",
  "input": [
    {
      "type": "message",
      "role": "user",
      "content": [
        {
          "type": "input_image",
          "image_url": "https://upload.wikimedia.org/wikipedia/commons/thumb/4/47/PNG_transparency_demonstration_1.png/280px-PNG_transparency_demonstration_1.png"
        },
        {
          "type": "input_text",
          "text": "One word."
        }
      ]
    }
  ],
  "max_output_tokens": 64
}
--- headers ---
content-type: application/json
upstream_streams: false
--- degraded ---
