---
source: crates/xlate/tests/golden_matrix.rs
expression: resp_rendered
---
{
  "id": "resp_golden",
  "object": "chat.completion",
  "created": 1700000000,
  "model": "golden-model",
  "choices": [
    {
      "index": 0,
      "message": {
        "role": "assistant",
        "content": "{\"code\":\"Here's a simple Python code snippet that prints 'Hello, World!':\\n\\n```python\\nprint(\\\"Hello, World!\\\")\\n```\"}",
        "refusal": null
      },
      "finish_reason": "stop",
      "logprobs": null
    }
  ],
  "usage": {
    "prompt_tokens": 33,
    "completion_tokens": 35,
    "total_tokens": 68,
    "prompt_tokens_details": {
      "cached_tokens": 0
    },
    "completion_tokens_details": {
      "reasoning_tokens": 0
    }
  }
}
