---
source: crates/xlate/tests/golden_matrix.rs
expression: resp_rendered
---
{
  "id": "resp_golden",
  "object": "response",
  "created_at": 1700000000,
  "status": "completed",
  "background": null,
  "error": null,
  "incomplete_details": null,
  "instructions": null,
  "max_output_tokens": null,
  "metadata": {},
  "model": "golden-model",
  "output": [
    {
      "type": "reasoning",
      "id": "rs_0c9010ac845c7ff3006aa268ac1bf087d284e5813e5e5dfbf3",
      "summary": [],
      "status": "completed"
    },
    {
      "id": "msg_0c9010ac845c7ff3006aa268ac6a4c87d280896d5d820150e8",
      "type": "message",
      "status": "completed",
      "role": "assistant",
      "content": [
        {
          "type": "output_text",
          "text": "42",
          "annotations": []
        }
      ]
    }
  ],
  "parallel_tool_calls": true,
  "previous_response_id": null,
  "reasoning": null,
  "service_tier": null,
  "store": null,
  "temperature": null,
  "text": null,
  "tool_choice": "auto",
  "tools": [],
  "top_p": null,
  "truncation": "disabled",
  "usage": {
    "input_tokens": 13,
    "input_tokens_details": {
      "cached_tokens": 0
    },
    "output_tokens": 39,
    "output_tokens_details": {
      "reasoning_tokens": 0
    },
    "total_tokens": 52
  },
  "user": null
}
