---
source: crates/xlate/tests/golden_matrix.rs
expression: rendered
---
--- body ---
{
  "model": "claude-3-5-sonnet-latest",
  "messages": [
    {
      "role": "user",
      "content": [
        {
          "type": "text",
          "text": "Weather in Paris? Use the tool."
        },
        {
          "type": "text",
          "text": "Never mind, just say hi."
        }
      ]
    }
  ],
  "max_tokens": 128,
  "tools": [
    {
      "name": "get_weather",
      "description": "Get weather.",
      "input_schema": {
        "additionalProperties": false,
        "properties": {
          "city": {
            "type": "string"
          }
        },
        "required": [
          "city"
        ],
        "type": "object"
      }
    }
  ],
  "tool_choice": {
    "type": "auto"
  },
  "cache_control": {
    "type": "ephemeral"
  }
}
--- headers ---
anthropic-version: 2023-06-01
upstream_streams: false
--- degraded ---
reasoning=dropped*2;store=dropped;include=dropped
