---
source: crates/xlate/tests/golden_matrix.rs
expression: rendered
---
--- body ---
{
  "model": "gpt-5.4",
  "instructions": "Global system prompt.",
  "input": [
    {
      "type": "message",
      "role": "user",
      "content": [
        {
          "type": "input_text",
          "text": "First question."
        }
      ]
    },
    {
      "type": "message",
      "role": "assistant",
      "content": [
        {
          "type": "output_text",
          "text": "First answer.",
          "annotations": []
        }
      ]
    },
    {
      "type": "message",
      "role": "developer",
      "content": [
        {
          "type": "input_text",
          "text": "Mid-context developer instruction."
        }
      ]
    },
    {
      "type": "message",
      "role": "user",
      "content": [
        {
          "type": "input_text",
          "text": "Second question."
        }
      ]
    }
  ],
  "max_output_tokens": 1024
}
--- headers ---
content-type: application/json
upstream_streams: false
--- degraded ---
