---
source: crates/xlate/tests/golden_matrix.rs
expression: rendered
---
--- body ---
{
  "model": "gpt-5.4",
  "input": [
    {
      "type": "message",
      "role": "user",
      "content": [
        {
          "type": "input_text",
          "text": "<document title=\"facts.txt\">\nThe Eiffel Tower is 330 metres tall and was completed in 1889.\n</document>"
        },
        {
          "type": "input_text",
          "text": "How tall is the tower? Cite."
        }
      ]
    }
  ],
  "max_output_tokens": 128,
  "stream": true
}
--- headers ---
content-type: application/json
upstream_streams: true
--- degraded ---
