---
source: crates/xlate/tests/golden_matrix.rs
expression: resp_rendered
---
{
  "id": "resp_golden",
  "object": "response",
  "created_at": 1700000000,
  "status": "completed",
  "background": null,
  "error": null,
  "incomplete_details": null,
  "instructions": null,
  "max_output_tokens": null,
  "metadata": {},
  "model": "golden-model",
  "output": [
    {
      "type": "reasoning",
      "id": "rs_0239c2be2c16353a016aa2689cf6a487d2a31419565ab0d598",
      "summary": [],
      "status": "completed"
    },
    {
      "id": "msg_0239c2be2c16353a016aa2689e27d087d2b32ceb747595851c",
      "type": "message",
      "status": "completed",
      "role": "assistant",
      "content": [
        {
          "type": "output_text",
          "text": "782",
          "annotations": []
        }
      ]
    }
  ],
  "parallel_tool_calls": true,
  "previous_response_id": null,
  "reasoning": null,
  "service_tier": null,
  "store": null,
  "temperature": null,
  "text": null,
  "tool_choice": "auto",
  "tools": [],
  "top_p": null,
  "truncation": "disabled",
  "usage": {
    "input_tokens": 34,
    "input_tokens_details": {
      "cached_tokens": 0
    },
    "output_tokens": 176,
    "output_tokens_details": {
      "reasoning_tokens": 128
    },
    "total_tokens": 210
  },
  "user": null
}
