---
source: crates/xlate/tests/golden_matrix.rs
expression: resp_rendered
---
{
  "id": "resp_golden",
  "object": "chat.completion",
  "created": 1700000000,
  "model": "golden-model",
  "choices": [
    {
      "index": 0,
      "message": {
        "role": "assistant",
        "content": null,
        "refusal": null,
        "tool_calls": [
          {
            "id": "call_RT942yb2TUCk8U7sjFQo5yP7",
            "type": "function",
            "function": {
              "name": "get_time",
              "arguments": "{\"tz\":\"Asia/Tokyo\"}"
            }
          }
        ]
      },
      "finish_reason": "stop",
      "logprobs": null
    }
  ],
  "usage": {
    "prompt_tokens": 73,
    "completion_tokens": 8,
    "total_tokens": 81,
    "prompt_tokens_details": {
      "cached_tokens": 0,
      "audio_tokens": 0
    },
    "completion_tokens_details": {
      "reasoning_tokens": 0,
      "accepted_prediction_tokens": 0,
      "audio_tokens": 0,
      "rejected_prediction_tokens": 0
    }
  },
  "service_tier": "default"
}
