---
source: crates/xlate/tests/golden_matrix.rs
expression: rendered
---
--- body ---
{
  "model": "gpt-5.4",
  "messages": [
    {
      "role": "user",
      "content": "Give a city."
    }
  ],
  "response_format": {
    "type": "json_schema",
    "json_schema": {
      "name": "response",
      "schema": {
        "properties": {
          "city": {
            "type": "string"
          }
        },
        "required": [
          "city"
        ],
        "type": "object",
        "additionalProperties": false
      },
      "strict": true
    }
  },
  "max_completion_tokens": 128
}
--- headers ---
upstream_streams: false
--- degraded ---
output.schema=rewritten
