---
source: crates/xlate/tests/golden_matrix.rs
expression: rendered
---
--- body ---
{
  "model": "gpt-5.4",
  "input": [
    {
      "type": "message",
      "role": "user",
      "content": [
        {
          "type": "input_text",
          "text": "What is 17*23? Think step by step, then give the number."
        }
      ]
    }
  ],
  "reasoning": {
    "effort": "medium"
  },
  "max_output_tokens": 256,
  "stream": true
}
--- headers ---
content-type: application/json
upstream_streams: true
--- degraded ---
