---
source: crates/xlate/tests/golden_matrix.rs
expression: rendered
---
--- body ---
{
  "model": "gpt-4o",
  "messages": [
    {
      "role": "user",
      "content": "What time is it in Tokyo?"
    }
  ],
  "tools": [
    {
      "type": "function",
      "function": {
        "name": "get_weather",
        "description": "Get weather.",
        "parameters": {
          "additionalProperties": false,
          "properties": {
            "city": {
              "type": "string"
            }
          },
          "required": [
            "city"
          ],
          "type": "object"
        }
      }
    },
    {
      "type": "function",
      "function": {
        "name": "get_time",
        "description": "Get time.",
        "parameters": {
          "additionalProperties": false,
          "properties": {
            "tz": {
              "type": "string"
            }
          },
          "required": [
            "tz"
          ],
          "type": "object"
        }
      }
    }
  ],
  "tool_choice": {
    "type": "function",
    "function": {
      "name": "get_weather"
    }
  },
  "max_completion_tokens": 128
}
--- headers ---
upstream_streams: false
--- degraded ---
