---
source: crates/xlate/tests/golden_matrix.rs
expression: rendered
---
--- body ---
{
  "model": "gpt-4o",
  "input": [
    {
      "type": "message",
      "role": "user",
      "content": [
        {
          "type": "input_text",
          "text": "Say ok."
        }
      ]
    }
  ],
  "max_output_tokens": 32,
  "store": true,
  "metadata": {
    "run": "20260910-042135"
  }
}
--- headers ---
content-type: application/json
upstream_streams: false
--- degraded ---
