---
source: crates/xlate/tests/golden_matrix.rs
expression: rendered
---
--- body ---
{
  "model": "claude-3-5-sonnet-latest",
  "messages": [
    {
      "role": "user",
      "content": [
        {
          "type": "text",
          "text": "Make a code and call the tool."
        }
      ]
    }
  ],
  "max_tokens": 128,
  "tools": [
    {
      "name": "make_code",
      "description": "Make a code.",
      "input_schema": {
        "additionalProperties": false,
        "properties": {
          "code": {
            "minLength": 2,
            "type": "string"
          }
        },
        "required": [
          "code"
        ],
        "type": "object"
      }
    }
  ],
  "tool_choice": {
    "type": "auto"
  },
  "cache_control": {
    "type": "ephemeral"
  }
}
--- headers ---
anthropic-version: 2023-06-01
upstream_streams: false
--- degraded ---
