---
source: crates/xlate/tests/golden_matrix.rs
expression: resp_rendered
---
{
  "id": "resp_golden",
  "object": "chat.completion",
  "created": 1700000000,
  "model": "golden-model",
  "choices": [
    {
      "index": 0,
      "message": {
        "role": "assistant",
        "content": null,
        "refusal": null,
        "tool_calls": [
          {
            "id": "call_Y9KbGUi8yDxzl7zNupWoSdJr",
            "type": "function",
            "function": {
              "name": "make_code",
              "arguments": "{\"code\":\"example\"}"
            }
          }
        ]
      },
      "finish_reason": "tool_calls",
      "logprobs": null
    }
  ],
  "usage": {
    "prompt_tokens": 51,
    "completion_tokens": 15,
    "total_tokens": 66,
    "prompt_tokens_details": {
      "cached_tokens": 0,
      "cache_creation_tokens": 0
    },
    "completion_tokens_details": {
      "reasoning_tokens": 0
    }
  }
}
