---
source: crates/xlate/tests/golden_matrix.rs
expression: rendered
---
--- body ---
{
  "model": "claude-opus-4-6",
  "messages": [
    {
      "role": "user",
      "content": [
        {
          "type": "text",
          "text": "Give the capital of France as an object with a city field."
        }
      ]
    }
  ],
  "max_tokens": 64,
  "output_config": {
    "format": {
      "type": "json_schema",
      "schema": {
        "type": "object"
      }
    }
  },
  "cache_control": {
    "type": "ephemeral"
  }
}
--- headers ---
anthropic-version: 2023-06-01
upstream_streams: false
--- degraded ---
