---
source: crates/xlate/tests/golden_matrix.rs
expression: out
---
--- decoded XlateError ---
kind=invalid_request status=400 retryable=false param=- provider_type=invalid_request_error retry_after=- upstream_request_id=req_011CeuSJKHKpvs9sgFUtysRv
message: messages.2: role 'system' must follow a 'user' message or an 'assistant' message ending in a server tool result; the directive-only form (content: [] with output_config) is accepted at any position

--- chat (non-streaming) ---
status: 400
headers:
  content-type: application/json
  x-router-upstream-request-id: req_011CeuSJKHKpvs9sgFUtysRv
body:
{
  "error": {
    "message": "messages.2: role 'system' must follow a 'user' message or an 'assistant' message ending in a server tool result; the directive-only form (content: [] with output_config) is accepted at any position",
    "type": "invalid_request_error",
    "param": null,
    "code": null
  }
}
--- chat (streaming, pre-start) ---
status: 400
frames:
data: {"error":{"message":"messages.2: role 'system' must follow a 'user' message or an 'assistant' message ending in a server tool result; the directive-only form (content: [] with output_config) is accepted at any position","type":"invalid_request_error","param":null,"code":null}}

data: [DONE]


--- responses (non-streaming) ---
status: 400
headers:
  content-type: application/json
  x-router-upstream-request-id: req_011CeuSJKHKpvs9sgFUtysRv
body:
{
  "error": {
    "message": "messages.2: role 'system' must follow a 'user' message or an 'assistant' message ending in a server tool result; the directive-only form (content: [] with output_config) is accepted at any position",
    "type": "invalid_request_error",
    "param": null,
    "code": null
  }
}
--- responses (streaming, pre-start) ---
status: 400
frames:
event: error
data: {"type":"error","code":null,"message":"messages.2: role 'system' must follow a 'user' message or an 'assistant' message ending in a server tool result; the directive-only form (content: [] with output_config) is accepted at any position","param":null,"sequence_number":0}


--- anthropic (non-streaming) ---
status: 400
headers:
  x-router-upstream-request-id: req_011CeuSJKHKpvs9sgFUtysRv
body:
{
  "type": "error",
  "error": {
    "type": "invalid_request_error",
    "message": "messages.2: role 'system' must follow a 'user' message or an 'assistant' message ending in a server tool result; the directive-only form (content: [] with output_config) is accepted at any position"
  },
  "request_id": "req_011CeuSJKHKpvs9sgFUtysRv"
}
--- anthropic (streaming, pre-start) ---
status: 400
frames:
event: error
data: {"type":"error","error":{"type":"invalid_request_error","message":"messages.2: role 'system' must follow a 'user' message or an 'assistant' message ending in a server tool result; the directive-only form (content: [] with output_config) is accepted at any position"},"request_id":"req_011CeuSJKHKpvs9sgFUtysRv"}
