---
source: crates/xlate/tests/golden_matrix.rs
expression: rendered
---
--- body ---
{
  "model": "gpt-5.4",
  "messages": [
    {
      "role": "user",
      "content": "Answer in JSON: what is 2+2?"
    }
  ],
  "tools": [
    {
      "type": "function",
      "function": {
        "name": "noop",
        "description": "does nothing",
        "parameters": {
          "additionalProperties": false,
          "properties": {},
          "type": "object"
        }
      }
    }
  ],
  "response_format": {
    "type": "json_schema",
    "json_schema": {
      "name": "response",
      "schema": {
        "additionalProperties": false,
        "properties": {
          "answer": {
            "type": "string"
          }
        },
        "required": [
          "answer"
        ],
        "type": "object"
      },
      "strict": true
    }
  },
  "max_completion_tokens": 128
}
--- headers ---
upstream_streams: false
--- degraded ---
