---
source: crates/xlate/tests/golden_matrix.rs
expression: rendered
---
--- body ---
{
  "model": "gpt-5.4",
  "input": [
    {
      "type": "message",
      "role": "user",
      "content": [
        {
          "type": "input_text",
          "text": "Say hi."
        }
      ]
    },
    {
      "type": "message",
      "role": "assistant",
      "content": [
        {
          "type": "output_text",
          "text": "Hi.",
          "annotations": []
        }
      ]
    },
    {
      "type": "message",
      "role": "system",
      "content": [
        {
          "type": "input_text",
          "text": "From now on answer only in French."
        }
      ]
    },
    {
      "type": "message",
      "role": "user",
      "content": [
        {
          "type": "input_text",
          "text": "How are you?"
        }
      ]
    }
  ],
  "max_output_tokens": 64,
  "stream": true
}
--- headers ---
content-type: application/json
upstream_streams: true
--- degraded ---
