---
source: crates/xlate/tests/golden_matrix.rs
expression: rendered
---
--- body ---
{
  "model": "claude-3-5-sonnet-latest",
  "messages": [
    {
      "role": "user",
      "content": [
        {
          "type": "text",
          "text": "One word."
        },
        {
          "type": "image",
          "source": {
            "type": "url",
            "url": "data:image/tiff;base64,$ASSET:png_1px"
          }
        }
      ]
    }
  ],
  "max_tokens": 64,
  "cache_control": {
    "type": "ephemeral"
  }
}
--- headers ---
anthropic-version: 2023-06-01
upstream_streams: false
--- degraded ---
