---
source: crates/xlate/tests/golden_matrix.rs
expression: render_frames(&frames)
---
data: {"id":"resp_golden","object":"chat.completion.chunk","created":1700000000,"model":"golden-model","choices":[{"index":0,"delta":{"role":"assistant","content":""},"finish_reason":null}]}

data: {"id":"resp_golden","object":"chat.completion.chunk","created":1700000000,"model":"golden-model","choices":[{"index":0,"delta":{"tool_calls":[{"index":0,"id":"toolu_015RmZoq2FqxJaorv75fRqDT","type":"function","function":{"name":"get_weather","arguments":""}}]},"finish_reason":null}]}

data: {"id":"resp_golden","object":"chat.completion.chunk","created":1700000000,"model":"golden-model","choices":[{"index":0,"delta":{"tool_calls":[{"index":0,"function":{"arguments":"{\"city\":\"Paris\"}"}}]},"finish_reason":null}]}

data: {"id":"resp_golden","object":"chat.completion.chunk","created":1700000000,"model":"golden-model","choices":[{"index":0,"delta":{},"finish_reason":"tool_calls"}]}

data: {"id":"resp_golden","object":"chat.completion.chunk","created":1700000000,"model":"golden-model","choices":[],"usage":{"prompt_tokens":451,"completion_tokens":50,"total_tokens":501,"prompt_tokens_details":{"cached_tokens":0,"cache_creation_tokens":0,"cache_creation_1h_tokens":0},"completion_tokens_details":{"reasoning_tokens":0}}}

data: [DONE]
