---
source: crates/xlate/tests/golden_matrix.rs
expression: out
---
--- decoded XlateError ---
kind=invalid_request status=400 retryable=false param=- provider_type=invalid_request_error retry_after=- upstream_request_id=req_011CeuSHRnDijvV4XqpPnHDq
message: output_config.effort: Input should be 'low', 'medium', 'high', 'xhigh' or 'max'

--- chat (non-streaming) ---
status: 400
headers:
  content-type: application/json
  x-router-upstream-request-id: req_011CeuSHRnDijvV4XqpPnHDq
body:
{
  "error": {
    "message": "output_config.effort: Input should be 'low', 'medium', 'high', 'xhigh' or 'max'",
    "type": "invalid_request_error",
    "param": null,
    "code": null
  }
}
--- chat (streaming, pre-start) ---
status: 400
frames:
data: {"error":{"message":"output_config.effort: Input should be 'low', 'medium', 'high', 'xhigh' or 'max'","type":"invalid_request_error","param":null,"code":null}}

data: [DONE]


--- responses (non-streaming) ---
status: 400
headers:
  content-type: application/json
  x-router-upstream-request-id: req_011CeuSHRnDijvV4XqpPnHDq
body:
{
  "error": {
    "message": "output_config.effort: Input should be 'low', 'medium', 'high', 'xhigh' or 'max'",
    "type": "invalid_request_error",
    "param": null,
    "code": null
  }
}
--- responses (streaming, pre-start) ---
status: 400
frames:
event: error
data: {"type":"error","code":null,"message":"output_config.effort: Input should be 'low', 'medium', 'high', 'xhigh' or 'max'","param":null,"sequence_number":0}


--- anthropic (non-streaming) ---
status: 400
headers:
  x-router-upstream-request-id: req_011CeuSHRnDijvV4XqpPnHDq
body:
{
  "type": "error",
  "error": {
    "type": "invalid_request_error",
    "message": "output_config.effort: Input should be 'low', 'medium', 'high', 'xhigh' or 'max'"
  },
  "request_id": "req_011CeuSHRnDijvV4XqpPnHDq"
}
--- anthropic (streaming, pre-start) ---
status: 400
frames:
event: error
data: {"type":"error","error":{"type":"invalid_request_error","message":"output_config.effort: Input should be 'low', 'medium', 'high', 'xhigh' or 'max'"},"request_id":"req_011CeuSHRnDijvV4XqpPnHDq"}
