---
source: crates/xlate/tests/golden_matrix.rs
expression: rendered
---
--- body ---
{
  "model": "llama-x",
  "messages": [
    {
      "role": "user",
      "content": [
        {
          "type": "text",
          "text": ""
        },
        {
          "type": "text",
          "text": "Say ok."
        }
      ]
    }
  ],
  "max_tokens": 64
}
--- headers ---
upstream_streams: false
--- degraded ---
