---
source: crates/xlate/tests/golden_matrix.rs
expression: render_frames(&frames)
---
event: message_start
data: {"type":"message_start","message":{"id":"resp_golden","type":"message","role":"assistant","model":"golden-model","content":[],"stop_reason":null,"stop_sequence":null,"usage":{"input_tokens":456,"cache_read_input_tokens":0,"cache_creation_input_tokens":0,"cache_creation":{"ephemeral_5m_input_tokens":0,"ephemeral_1h_input_tokens":0},"output_tokens":8}}}

event: content_block_start
data: {"type":"content_block_start","index":0,"content_block":{"type":"redacted_thinking","data":"Er0CCpABCBEYAipAT4vox3Bud9qojZP6SGu8rjTeaEXpgqwCmf0L1RzL0kwJQ4MNX/BOxysEnpq9ABsnpt/yn7kaRi1H8c8DbyIHszIPY2xhdWRlLXNvbm5ldC01OABCCHRoaW5raW5nWiRkZmQ0NTJkMC00NWEyLTQ4YjAtODhiZS05NWExMWU3YTQ1ZjCoAfTRidUGEgx3tSURXdlMhOyPzNUaDLpPJqZNMwHaLFm9/SIwz6crHuKx49HJ7azZBaOH1gv8guNRccRSlYd7RDUr2U31Kts3FLMPXzfu+E4Qzn/oKloKMoXW+xi8uI10KexP9YUjRn9tcy5d+bS18XH44SVuAqz1Docb1YZwfRPpF2cB2E1rByHFsT4YrjdMGNobclZhU1NaPQBCdKZonAYuGVaVqGYJf6YKRn4GlWEYAQ=="}}

event: content_block_stop
data: {"type":"content_block_stop","index":0}

event: content_block_start
data: {"type":"content_block_start","index":1,"content_block":{"type":"tool_use","id":"toolu_01BgCB3AAa7ki9Cbz7yeRqZc","name":"get_weather","input":{}}}

event: content_block_delta
data: {"type":"content_block_delta","index":1,"delta":{"type":"input_json_delta","partial_json":""}}

event: content_block_delta
data: {"type":"content_block_delta","index":1,"delta":{"type":"input_json_delta","partial_json":"{\"city\""}}

event: content_block_delta
data: {"type":"content_block_delta","index":1,"delta":{"type":"input_json_delta","partial_json":": \"Pari"}}

event: content_block_delta
data: {"type":"content_block_delta","index":1,"delta":{"type":"input_json_delta","partial_json":"s\"}"}}

event: content_block_stop
data: {"type":"content_block_stop","index":1}

event: message_delta
data: {"type":"message_delta","delta":{"stop_reason":"tool_use","stop_sequence":null},"usage":{"output_tokens":77}}

event: message_stop
data: {"type":"message_stop"}
