---
source: crates/xlate/tests/golden_matrix.rs
expression: rendered
---
--- body ---
{
  "model": "claude-opus-4-6",
  "messages": [
    {
      "role": "user",
      "content": [
        {
          "type": "text",
          "text": "What is 17*23? Think, then answer with just the number."
        }
      ]
    }
  ],
  "max_tokens": 256,
  "thinking": {
    "type": "adaptive"
  },
  "output_config": {
    "effort": "medium"
  },
  "cache_control": {
    "type": "ephemeral"
  }
}
--- headers ---
anthropic-version: 2023-06-01
upstream_streams: false
--- degraded ---
store=dropped;include=dropped
