---
source: crates/xlate/tests/golden_matrix.rs
expression: render_frames(&frames)
---
data: {"id":"resp_golden","object":"chat.completion.chunk","created":1700000000,"model":"golden-model","choices":[{"index":0,"delta":{"role":"assistant","content":""},"finish_reason":null}]}

data: {"id":"resp_golden","object":"chat.completion.chunk","created":1700000000,"model":"golden-model","choices":[{"index":0,"delta":{"reasoning_details":[{"type":"router.opaque","data":"rtr1.eyJ2IjoxLCJwIjoiYW50aHJvcGljIiwibSI6ImNsYXVkZS1zb25uZXQtNSIsImsiOiJzaWduYXR1cmUiLCJkIjoiRXIwQ0NwQUJDQkVZQWlwQVQ0dm94M0J1ZDlxb2paUDZTR3U4cmpUZWFFWHBncXdDbWYwTDFSekwwa3dKUTRNTlgvQk94eXNFbnBxOUFCc25wdC95bjdrYVJpMUg4YzhEYnlJSHN6SVBZMnhoZFdSbExYTnZibTVsZEMwMU9BQkNDSFJvYVc1cmFXNW5XaVJrWm1RME5USmtNQzAwTldFeUxUUTRZakF0T0RoaVpTMDVOV0V4TVdVM1lUUTFaakNvQWZIUmlkVUdFZ3hwVTRYd3ROaXphdURia0JjYURKbE5pWngwcm1FTDE2NFNzeUl3N3RMWjJWcnF6aFRNQVZBQkkrWE1idDBVR2tqK1c0blRoVVJiNGR0QzJRTDBTWDl4QmU2VkZBeTZYdjBJejNTbEtscEw0a1VXNFZlU2Z2cHljVm9qK29uZDcrRnZTeGFFQWVKV2tiMm95NjlUT2tXaGlkT3hRN0M3eUdhdDhvVkZKWlZKajB5dEZwSzBZZkVlY0N4ZWxpVjVHajhtd2RZUkdwamYvUHVKRlcxR0FrczZxNU1hdjZYZWE3d1lBUT09IiwiaCI6Ik9WUzRaSVBlbEExR05JNjlrOXh1LW5feHRUV3FuWjQxZUE0RndWcXc5Tm8ifQ"}]},"finish_reason":null}]}

data: {"id":"resp_golden","object":"chat.completion.chunk","created":1700000000,"model":"golden-model","choices":[{"index":0,"delta":{},"finish_reason":"stop"}]}

data: {"id":"resp_golden","object":"chat.completion.chunk","created":1700000000,"model":"golden-model","choices":[],"usage":{"prompt_tokens":447,"completion_tokens":28,"total_tokens":475,"prompt_tokens_details":{"cached_tokens":0}}}

data: [DONE]
