---
source: crates/xlate/tests/golden_matrix.rs
expression: rendered
---
--- body ---
{
  "model": "claude-opus-5",
  "messages": [
    {
      "role": "user",
      "content": [
        {
          "type": "text",
          "text": "Say hi."
        }
      ]
    },
    {
      "role": "assistant",
      "content": [
        {
          "type": "text",
          "text": "Hi."
        }
      ]
    },
    {
      "role": "user",
      "content": [
        {
          "type": "text",
          "text": "<system_message>\nFrom now on answer in French.\n</system_message>"
        },
        {
          "type": "text",
          "text": "How are you?"
        }
      ]
    }
  ],
  "max_tokens": 64,
  "cache_control": {
    "type": "ephemeral"
  }
}
--- headers ---
anthropic-version: 2023-06-01
upstream_streams: false
--- degraded ---
instructions=wrapped
