---
source: crates/xlate/tests/golden_matrix.rs
expression: resp_rendered
---
{
  "id": "resp_golden",
  "type": "message",
  "role": "assistant",
  "model": "golden-model",
  "content": [
    {
      "type": "text",
      "text": "Let me check."
    },
    {
      "type": "tool_use",
      "id": "toolu_1",
      "name": "get",
      "input": {
        "city": "NYC"
      }
    }
  ],
  "stop_reason": "tool_use",
  "stop_sequence": null,
  "usage": {
    "input_tokens": 10,
    "output_tokens": 15
  }
}
