---
source: crates/xlate/tests/golden_matrix.rs
expression: rendered
---
--- body ---
{
  "model": "gpt-6-astra",
  "input": [
    {
      "type": "message",
      "role": "user",
      "content": [
        {
          "type": "input_text",
          "text": "Answer in JSON: what is 2+2?"
        }
      ]
    }
  ],
  "tools": [
    {
      "type": "function",
      "name": "noop",
      "description": "does nothing",
      "parameters": {
        "additionalProperties": false,
        "properties": {},
        "type": "object"
      }
    }
  ],
  "text": {
    "format": {
      "type": "json_schema",
      "name": "response",
      "schema": {
        "additionalProperties": false,
        "properties": {
          "answer": {
            "type": "string"
          }
        },
        "required": [
          "answer"
        ],
        "type": "object"
      },
      "strict": true
    }
  },
  "max_output_tokens": 128
}
--- headers ---
content-type: application/json
upstream_streams: false
--- degraded ---
