---
source: crates/xlate/tests/golden_matrix.rs
expression: rendered
---
--- body ---
{
  "model": "claude-opus-5",
  "messages": [
    {
      "role": "user",
      "content": [
        {
          "type": "text",
          "text": "One word."
        },
        {
          "type": "image",
          "source": {
            "type": "url",
            "url": "https://upload.wikimedia.org/wikipedia/commons/thumb/4/47/PNG_transparency_demonstration_1.png/280px-PNG_transparency_demonstration_1.png"
          }
        }
      ]
    }
  ],
  "max_tokens": 64,
  "cache_control": {
    "type": "ephemeral"
  }
}
--- headers ---
anthropic-version: 2023-06-01
upstream_streams: false
--- degraded ---
ext.responses.image_detail=dropped
