---
source: crates/xlate/tests/golden_matrix.rs
expression: resp_rendered
---
{
  "id": "resp_golden",
  "object": "chat.completion",
  "created": 1700000000,
  "model": "golden-model",
  "choices": [
    {
      "index": 0,
      "message": {
        "role": "assistant",
        "content": "{\"answer\": \"4\"}",
        "refusal": null,
        "reasoning_details": [
          {
            "type": "router.opaque",
            "data": "rtr1.eyJ2IjoxLCJwIjoiYW50aHJvcGljIiwibSI6ImNsYXVkZS1zb25uZXQtNSIsImsiOiJzaWduYXR1cmUiLCJkIjoiRW8wQ0NwQUJDQkVZQWlwQUp5TDNmaVJxY2pSSTFPeHk5SzNCTUVIOG5vUmhtWU9MQ1MzUkIwMk9uWUJIcmtjTjRFOTdIbncrcE1ySVZxRUhjUDFkWkNkcHprMGNsV3NWN1pFSUdESVBZMnhoZFdSbExYTnZibTVsZEMwMU9BQkNDSFJvYVc1cmFXNW5XaVJrWm1RME5USmtNQzAwTldFeUxUUTRZakF0T0RoaVpTMDVOV0V4TVdVM1lUUTFaakNvQVovU2lkVUdFZ3dqL0VSYkh0UnJXYjhxWE04YURMelVjSjh3MXNGY3FCcWVkeUl3WFJRa1IwdWJxK3R0TEI4VWgyM0MvRHZaZ1g3MnM3cjBkbHI0YU1JaVhmeVJEaW1CbDNFd05wSjhGdHFSbHY5a0tpcUp1VndabFlvQ1d6U0h0aEJ3MElWaGZZM1VXditkS21haDFyeXhzSEU2NGtXMVJmTGJVdDIvK1ZVWUFRPT0iLCJoIjoiblUzdzZ4djkyRkxDRXZGU0xVMnVhRUxfYnlJUl9HSENmLTRfTjEzdGktSSJ9"
          }
        ]
      },
      "finish_reason": "stop",
      "logprobs": null
    }
  ],
  "usage": {
    "prompt_tokens": 617,
    "completion_tokens": 23,
    "total_tokens": 640,
    "prompt_tokens_details": {
      "cached_tokens": 0
    }
  }
}
