---
source: crates/xlate/tests/golden_matrix.rs
expression: out
---
--- decoded XlateError ---
kind=invalid_request status=400 retryable=false param=text.verbosity provider_type=invalid_request_error retry_after=- upstream_request_id=req_5f1da7c90b3a476982e871bebc508e9c
message: Unsupported value: 'low' is not supported with the 'gpt-4o-mini' model. Supported values are: 'medium'.

--- chat (non-streaming) ---
status: 400
headers:
  content-type: application/json
  x-router-upstream-request-id: req_5f1da7c90b3a476982e871bebc508e9c
body:
{
  "error": {
    "message": "Unsupported value: 'low' is not supported with the 'gpt-4o-mini' model. Supported values are: 'medium'.",
    "type": "invalid_request_error",
    "param": "text.verbosity",
    "code": "unsupported_value"
  }
}
--- chat (streaming, pre-start) ---
status: 400
frames:
data: {"error":{"message":"Unsupported value: 'low' is not supported with the 'gpt-4o-mini' model. Supported values are: 'medium'.","type":"invalid_request_error","param":"text.verbosity","code":"unsupported_value"}}

data: [DONE]


--- responses (non-streaming) ---
status: 400
headers:
  content-type: application/json
  x-router-upstream-request-id: req_5f1da7c90b3a476982e871bebc508e9c
body:
{
  "error": {
    "message": "Unsupported value: 'low' is not supported with the 'gpt-4o-mini' model. Supported values are: 'medium'.",
    "type": "invalid_request_error",
    "param": "text.verbosity",
    "code": "unsupported_value"
  }
}
--- responses (streaming, pre-start) ---
status: 400
frames:
event: error
data: {"type":"error","code":"unsupported_value","message":"Unsupported value: 'low' is not supported with the 'gpt-4o-mini' model. Supported values are: 'medium'.","param":"text.verbosity","sequence_number":0}


--- anthropic (non-streaming) ---
status: 400
headers:
  x-router-upstream-request-id: req_5f1da7c90b3a476982e871bebc508e9c
body:
{
  "type": "error",
  "error": {
    "type": "invalid_request_error",
    "message": "Unsupported value: 'low' is not supported with the 'gpt-4o-mini' model. Supported values are: 'medium'."
  },
  "request_id": "req_5f1da7c90b3a476982e871bebc508e9c"
}
--- anthropic (streaming, pre-start) ---
status: 400
frames:
event: error
data: {"type":"error","error":{"type":"invalid_request_error","message":"Unsupported value: 'low' is not supported with the 'gpt-4o-mini' model. Supported values are: 'medium'."},"request_id":"req_5f1da7c90b3a476982e871bebc508e9c"}
