---
source: crates/xlate/tests/golden_matrix.rs
expression: rendered
---
--- body ---
{
  "model": "gpt-5.4",
  "input": [
    {
      "type": "message",
      "role": "user",
      "content": [
        {
          "type": "input_text",
          "text": "Say ok."
        }
      ]
    }
  ],
  "max_output_tokens": 64
}
--- headers ---
content-type: application/json
upstream_streams: false
--- degraded ---
stop_sequences=dropped;stop_sequences=dropped
