---
source: crates/xlate/tests/golden_matrix.rs
expression: rendered
---
--- body ---
{
  "model": "gpt-5.4",
  "messages": [
    {
      "role": "user",
      "content": "Say hi."
    },
    {
      "role": "assistant",
      "content": "Hi."
    },
    {
      "role": "system",
      "content": "Be terse."
    },
    {
      "role": "user",
      "content": "Explain gravity."
    }
  ],
  "max_completion_tokens": 64
}
--- headers ---
upstream_streams: false
--- degraded ---
