---
source: crates/xlate/tests/golden_matrix.rs
expression: resp_rendered
---
{
  "id": "resp_golden",
  "type": "message",
  "role": "assistant",
  "model": "golden-model",
  "content": [
    {
      "type": "text",
      "text": "Partial"
    }
  ],
  "stop_reason": "refusal",
  "stop_sequence": null,
  "usage": {
    "input_tokens": 11,
    "output_tokens": 2
  }
}
