---
source: crates/xlate/tests/golden_matrix.rs
expression: rendered
---
--- body ---
{
  "model": "llama-x",
  "messages": [
    {
      "role": "system",
      "content": "Answer in French."
    },
    {
      "role": "user",
      "content": "How are you?"
    }
  ],
  "max_tokens": 64
}
--- headers ---
upstream_streams: false
--- degraded ---
