---
source: crates/xlate/tests/golden_matrix.rs
expression: rendered
---
--- body ---
{
  "model": "claude-opus-4-6",
  "messages": [
    {
      "role": "user",
      "content": [
        {
          "type": "text",
          "text": "What is the weather in Paris and Tokyo?"
        }
      ]
    },
    {
      "role": "assistant",
      "content": [
        {
          "type": "tool_use",
          "id": "call_a",
          "name": "get_weather",
          "input": {
            "city": "Paris"
          }
        },
        {
          "type": "tool_use",
          "id": "call_b",
          "name": "get_weather",
          "input": {
            "city": "Tokyo"
          }
        }
      ]
    },
    {
      "role": "user",
      "content": [
        {
          "type": "tool_result",
          "tool_use_id": "call_a",
          "content": [
            {
              "type": "text",
              "text": "Paris: sunny, 21C"
            },
            {
              "type": "image",
              "source": {
                "type": "base64",
                "media_type": "image/png",
                "data": "aGVsbG8="
              }
            }
          ]
        },
        {
          "type": "tool_result",
          "tool_use_id": "call_b",
          "content": "Tokyo: rainy, 18C"
        }
      ]
    }
  ],
  "max_tokens": 32000,
  "tools": [
    {
      "name": "get_weather",
      "description": "Get the weather for a city",
      "input_schema": {
        "type": "object",
        "properties": {
          "city": {
            "type": "string"
          }
        },
        "required": [
          "city"
        ]
      }
    }
  ],
  "tool_choice": {
    "type": "auto"
  },
  "cache_control": {
    "type": "ephemeral"
  }
}
--- headers ---
anthropic-version: 2023-06-01
upstream_streams: false
--- degraded ---
