---
source: crates/xlate/tests/golden_matrix.rs
expression: rendered
---
--- body ---
{
  "model": "claude-opus-4-6",
  "messages": [
    {
      "role": "user",
      "content": [
        {
          "type": "text",
          "text": "Compare these two images."
        },
        {
          "type": "image",
          "source": {
            "type": "base64",
            "media_type": "image/jpeg",
            "data": "/9j/4AAQSkZJRg=="
          }
        },
        {
          "type": "image",
          "source": {
            "type": "url",
            "url": "https://example.com/cat.png"
          }
        }
      ]
    }
  ],
  "max_tokens": 32000,
  "cache_control": {
    "type": "ephemeral"
  }
}
--- headers ---
anthropic-version: 2023-06-01
upstream_streams: false
--- degraded ---
ext.chat.image_detail=dropped
