---
source: crates/xlate/tests/golden_matrix.rs
expression: rendered
---
--- body ---
{
  "model": "gpt-5.4",
  "messages": [
    {
      "role": "user",
      "content": "Prove sqrt(2) is irrational in two lines."
    }
  ],
  "reasoning_effort": "xhigh",
  "max_completion_tokens": 256
}
--- headers ---
upstream_streams: false
--- degraded ---
reasoning.effort=downgraded
