---
source: crates/xlate/tests/golden_matrix.rs
expression: resp_rendered
---
{
  "id": "resp_golden",
  "type": "message",
  "role": "assistant",
  "model": "golden-model",
  "content": [
    {
      "type": "text",
      "text": "{\"when\":\"2024-06-15T14:30:00Z\",\"who\":\"jane.doe@example.com\"}"
    }
  ],
  "stop_reason": "end_turn",
  "stop_sequence": null,
  "usage": {
    "input_tokens": 242,
    "cache_read_input_tokens": 0,
    "cache_creation_input_tokens": 0,
    "cache_creation": {
      "ephemeral_5m_input_tokens": 0,
      "ephemeral_1h_input_tokens": 0
    },
    "output_tokens": 36,
    "output_tokens_details": {
      "thinking_tokens": 0
    },
    "inference_geo": "global",
    "service_tier": "standard"
  }
}
