---
source: crates/xlate/tests/golden_matrix.rs
expression: resp_rendered
---
{
  "id": "resp_golden",
  "object": "chat.completion",
  "created": 1700000000,
  "model": "golden-model",
  "choices": [
    {
      "index": 0,
      "message": {
        "role": "assistant",
        "content": null,
        "refusal": null,
        "tool_calls": [
          {
            "id": "toolu_01J2MhrnKSGfkShTWH7hoK4F",
            "type": "function",
            "function": {
              "name": "get_weather",
              "arguments": "{\"city\":\"Paris\"}"
            }
          }
        ]
      },
      "finish_reason": "tool_calls",
      "logprobs": null
    }
  ],
  "usage": {
    "prompt_tokens": 567,
    "completion_tokens": 40,
    "total_tokens": 607,
    "prompt_tokens_details": {
      "cached_tokens": 0
    }
  }
}
