---
source: crates/xlate/tests/golden_matrix.rs
expression: resp_rendered
---
{
  "id": "resp_golden",
  "object": "chat.completion",
  "created": 1700000000,
  "model": "golden-model",
  "choices": [
    {
      "index": 0,
      "message": {
        "role": "assistant",
        "content": "Partial",
        "refusal": null
      },
      "finish_reason": "content_filter",
      "logprobs": null
    }
  ],
  "usage": {
    "prompt_tokens": 11,
    "completion_tokens": 2,
    "total_tokens": 13
  }
}
