---
source: crates/xlate/tests/golden_matrix.rs
expression: out
---
--- decoded XlateError ---
kind=invalid_request status=400 retryable=false param=- provider_type=invalid_request_error retry_after=- upstream_request_id=req_011CeuSHvxPuQPkyHXjxeVds
message: thinking.enabled.budget_tokens: Input should be greater than or equal to 1024

--- chat (non-streaming) ---
status: 400
headers:
  content-type: application/json
  x-router-upstream-request-id: req_011CeuSHvxPuQPkyHXjxeVds
body:
{
  "error": {
    "message": "thinking.enabled.budget_tokens: Input should be greater than or equal to 1024",
    "type": "invalid_request_error",
    "param": null,
    "code": null
  }
}
--- chat (streaming, pre-start) ---
status: 400
frames:
data: {"error":{"message":"thinking.enabled.budget_tokens: Input should be greater than or equal to 1024","type":"invalid_request_error","param":null,"code":null}}

data: [DONE]


--- responses (non-streaming) ---
status: 400
headers:
  content-type: application/json
  x-router-upstream-request-id: req_011CeuSHvxPuQPkyHXjxeVds
body:
{
  "error": {
    "message": "thinking.enabled.budget_tokens: Input should be greater than or equal to 1024",
    "type": "invalid_request_error",
    "param": null,
    "code": null
  }
}
--- responses (streaming, pre-start) ---
status: 400
frames:
event: error
data: {"type":"error","code":null,"message":"thinking.enabled.budget_tokens: Input should be greater than or equal to 1024","param":null,"sequence_number":0}


--- anthropic (non-streaming) ---
status: 400
headers:
  x-router-upstream-request-id: req_011CeuSHvxPuQPkyHXjxeVds
body:
{
  "type": "error",
  "error": {
    "type": "invalid_request_error",
    "message": "thinking.enabled.budget_tokens: Input should be greater than or equal to 1024"
  },
  "request_id": "req_011CeuSHvxPuQPkyHXjxeVds"
}
--- anthropic (streaming, pre-start) ---
status: 400
frames:
event: error
data: {"type":"error","error":{"type":"invalid_request_error","message":"thinking.enabled.budget_tokens: Input should be greater than or equal to 1024"},"request_id":"req_011CeuSHvxPuQPkyHXjxeVds"}
