---
source: crates/xlate/tests/golden_matrix.rs
expression: out
---
--- decoded XlateError ---
kind=invalid_request status=400 retryable=false param=reasoning.effort provider_type=invalid_request_error retry_after=- upstream_request_id=req_efd6b57be56c42f09bb797439b2e9227
message: Invalid value: 'turbo'. Supported values are: 'none', 'minimal', 'low', 'medium', 'high', 'xhigh', and 'max'.

--- chat (non-streaming) ---
status: 400
headers:
  content-type: application/json
  x-router-upstream-request-id: req_efd6b57be56c42f09bb797439b2e9227
body:
{
  "error": {
    "message": "Invalid value: 'turbo'. Supported values are: 'none', 'minimal', 'low', 'medium', 'high', 'xhigh', and 'max'.",
    "type": "invalid_request_error",
    "param": "reasoning.effort",
    "code": "invalid_value"
  }
}
--- chat (streaming, pre-start) ---
status: 400
frames:
data: {"error":{"message":"Invalid value: 'turbo'. Supported values are: 'none', 'minimal', 'low', 'medium', 'high', 'xhigh', and 'max'.","type":"invalid_request_error","param":"reasoning.effort","code":"invalid_value"}}

data: [DONE]


--- responses (non-streaming) ---
status: 400
headers:
  content-type: application/json
  x-router-upstream-request-id: req_efd6b57be56c42f09bb797439b2e9227
body:
{
  "error": {
    "message": "Invalid value: 'turbo'. Supported values are: 'none', 'minimal', 'low', 'medium', 'high', 'xhigh', and 'max'.",
    "type": "invalid_request_error",
    "param": "reasoning.effort",
    "code": "invalid_value"
  }
}
--- responses (streaming, pre-start) ---
status: 400
frames:
event: error
data: {"type":"error","code":"invalid_value","message":"Invalid value: 'turbo'. Supported values are: 'none', 'minimal', 'low', 'medium', 'high', 'xhigh', and 'max'.","param":"reasoning.effort","sequence_number":0}


--- anthropic (non-streaming) ---
status: 400
headers:
  x-router-upstream-request-id: req_efd6b57be56c42f09bb797439b2e9227
body:
{
  "type": "error",
  "error": {
    "type": "invalid_request_error",
    "message": "Invalid value: 'turbo'. Supported values are: 'none', 'minimal', 'low', 'medium', 'high', 'xhigh', and 'max'."
  },
  "request_id": "req_efd6b57be56c42f09bb797439b2e9227"
}
--- anthropic (streaming, pre-start) ---
status: 400
frames:
event: error
data: {"type":"error","error":{"type":"invalid_request_error","message":"Invalid value: 'turbo'. Supported values are: 'none', 'minimal', 'low', 'medium', 'high', 'xhigh', and 'max'."},"request_id":"req_efd6b57be56c42f09bb797439b2e9227"}
