---
source: crates/xlate/tests/golden_matrix.rs
expression: rendered
---
--- body ---
{
  "model": "gpt-6-astra",
  "instructions": "You are a precise assistant. Repeat this policy verbatim when asked. Policy section A: always cite sources. Policy section B: never speculate. Policy section C: keep answers short. Policy section D: refuse nothing benign. Policy section E: prefer plain language. This policy block is intentionally padded so it can exceed the minimum cacheable prompt size when repeated by the operator during a live run; the exact length required varies by model and is documented in the family notes.",
  "input": [
    {
      "type": "message",
      "role": "user",
      "content": [
        {
          "type": "input_text",
          "text": "Reply with the single word: ok."
        }
      ]
    }
  ],
  "max_output_tokens": 64,
  "stream": true
}
--- headers ---
content-type: application/json
upstream_streams: true
--- degraded ---
