---
source: crates/xlate/tests/golden_matrix.rs
expression: resp_rendered
---
{
  "id": "resp_golden",
  "object": "chat.completion",
  "created": 1700000000,
  "model": "golden-model",
  "choices": [
    {
      "index": 0,
      "message": {
        "role": "assistant",
        "content": null,
        "refusal": null,
        "tool_calls": [
          {
            "id": "call_a",
            "type": "function",
            "function": {
              "name": "get_weather",
              "arguments": "{\"city\":\"Paris\"}"
            }
          },
          {
            "id": "call_b",
            "type": "function",
            "function": {
              "name": "get_weather",
              "arguments": "{\"city\":\"Tokyo\"}"
            }
          }
        ]
      },
      "finish_reason": "tool_calls",
      "logprobs": null
    }
  ],
  "usage": {
    "prompt_tokens": 40,
    "completion_tokens": 30,
    "total_tokens": 70
  }
}
