---
source: crates/xlate/tests/golden_matrix.rs
expression: resp_rendered
---
{
  "id": "resp_golden",
  "object": "chat.completion",
  "created": 1700000000,
  "model": "golden-model",
  "choices": [
    {
      "index": 0,
      "message": {
        "role": "assistant",
        "content": "{\"city\":\"Paris\",\"population\":2148000}",
        "refusal": null
      },
      "finish_reason": "stop",
      "logprobs": null
    }
  ],
  "usage": {
    "prompt_tokens": 53,
    "completion_tokens": 11,
    "total_tokens": 64,
    "prompt_tokens_details": {
      "cached_tokens": 0,
      "audio_tokens": 0
    },
    "completion_tokens_details": {
      "reasoning_tokens": 0,
      "accepted_prediction_tokens": 0,
      "audio_tokens": 0,
      "rejected_prediction_tokens": 0
    }
  },
  "service_tier": "default"
}
