---
source: crates/xlate/tests/golden_matrix.rs
expression: rendered
---
--- body ---
{
  "model": "claude-opus-5",
  "messages": [
    {
      "role": "user",
      "content": [
        {
          "type": "text",
          "text": "Prove there are infinitely many primes in two lines."
        }
      ]
    }
  ],
  "max_tokens": 256,
  "thinking": {
    "type": "adaptive"
  },
  "output_config": {
    "effort": "high"
  },
  "stream": true,
  "cache_control": {
    "type": "ephemeral"
  }
}
--- headers ---
anthropic-version: 2023-06-01
upstream_streams: true
--- degraded ---
