---
source: crates/xlate/tests/golden_matrix.rs
expression: rendered
---
--- body ---
{
  "model": "claude-3-5-sonnet-latest",
  "messages": [
    {
      "role": "user",
      "content": [
        {
          "type": "text",
          "text": "Prove sqrt(2) is irrational in two lines."
        }
      ]
    }
  ],
  "max_tokens": 256,
  "cache_control": {
    "type": "ephemeral"
  }
}
--- headers ---
anthropic-version: 2023-06-01
upstream_streams: false
--- degraded ---
reasoning=dropped
