---
source: crates/xlate/tests/golden_matrix.rs
expression: out
---
--- decoded XlateError ---
kind=invalid_request status=400 retryable=false param=- provider_type=invalid_request_error retry_after=- upstream_request_id=req_011CeuSKLHNxP7uXv8NtD6d1
message: messages: text content blocks must be non-empty

--- chat (non-streaming) ---
status: 400
headers:
  content-type: application/json
  x-router-upstream-request-id: req_011CeuSKLHNxP7uXv8NtD6d1
body:
{
  "error": {
    "message": "messages: text content blocks must be non-empty",
    "type": "invalid_request_error",
    "param": null,
    "code": null
  }
}
--- chat (streaming, pre-start) ---
status: 400
frames:
data: {"error":{"message":"messages: text content blocks must be non-empty","type":"invalid_request_error","param":null,"code":null}}

data: [DONE]


--- responses (non-streaming) ---
status: 400
headers:
  content-type: application/json
  x-router-upstream-request-id: req_011CeuSKLHNxP7uXv8NtD6d1
body:
{
  "error": {
    "message": "messages: text content blocks must be non-empty",
    "type": "invalid_request_error",
    "param": null,
    "code": null
  }
}
--- responses (streaming, pre-start) ---
status: 400
frames:
event: error
data: {"type":"error","code":null,"message":"messages: text content blocks must be non-empty","param":null,"sequence_number":0}


--- anthropic (non-streaming) ---
status: 400
headers:
  x-router-upstream-request-id: req_011CeuSKLHNxP7uXv8NtD6d1
body:
{
  "type": "error",
  "error": {
    "type": "invalid_request_error",
    "message": "messages: text content blocks must be non-empty"
  },
  "request_id": "req_011CeuSKLHNxP7uXv8NtD6d1"
}
--- anthropic (streaming, pre-start) ---
status: 400
frames:
event: error
data: {"type":"error","error":{"type":"invalid_request_error","message":"messages: text content blocks must be non-empty"},"request_id":"req_011CeuSKLHNxP7uXv8NtD6d1"}
