---
source: crates/xlate/tests/golden_matrix.rs
expression: rendered
---
--- body ---
{
  "model": "gpt-6-astra",
  "instructions": "You are a precise assistant. This system block is a cache breakpoint carrier and is padded to be large enough to cache: alpha beta gamma delta epsilon zeta eta theta iota kappa lambda mu nu xi omicron pi rho sigma tau upsilon phi chi psi omega, repeated context to raise the token count above the minimum cacheable threshold for the target model during a live run.",
  "input": [
    {
      "type": "message",
      "role": "user",
      "content": [
        {
          "type": "input_text",
          "text": "Reply with the single word: ok."
        }
      ]
    }
  ],
  "max_output_tokens": 64
}
--- headers ---
content-type: application/json
upstream_streams: false
--- degraded ---
