---
source: crates/xlate/tests/golden_matrix.rs
expression: resp_rendered
---
{
  "id": "resp_golden",
  "object": "response",
  "created_at": 1700000000,
  "status": "incomplete",
  "background": null,
  "error": null,
  "incomplete_details": {
    "reason": "max_output_tokens"
  },
  "instructions": null,
  "max_output_tokens": null,
  "metadata": {},
  "model": "golden-model",
  "output": [
    {
      "type": "reasoning",
      "id": "rs_0f8e616b900fa662006aa268c493cc87d29770a6ebdcb78031",
      "summary": [],
      "status": "completed"
    },
    {
      "id": "msg_0f8e616b900fa662006aa268c952b487d2ac0fccdc24330c93",
      "type": "message",
      "status": "completed",
      "role": "assistant",
      "content": [
        {
          "type": "output_text",
          "text": "Assume \\(\\sqrt2=a/b\\) for coprime positive integers \\(a,b\\); then \\(a^2=2b^2\\), so \\(a\\) is even.  \nWriting \\(a=2k\\) gives \\(b^2=2k^2\\), so \\(b\\) is also even, contradicting coprimality; hence",
          "annotations": []
        }
      ]
    }
  ],
  "parallel_tool_calls": true,
  "previous_response_id": null,
  "reasoning": null,
  "service_tier": null,
  "store": null,
  "temperature": null,
  "text": null,
  "tool_choice": "auto",
  "tools": [],
  "top_p": null,
  "truncation": "disabled",
  "usage": {
    "input_tokens": 18,
    "input_tokens_details": {
      "cached_tokens": 0
    },
    "output_tokens": 256,
    "output_tokens_details": {
      "reasoning_tokens": 172
    },
    "total_tokens": 274
  },
  "user": null
}
