---
source: crates/xlate/tests/golden_matrix.rs
expression: out
---
--- decoded XlateError ---
kind=invalid_request status=400 retryable=false param=- provider_type=invalid_request_error retry_after=- upstream_request_id=req_11d6eb9e22a64108810ec2d3096ae909
message: Unrecognized request argument supplied: frobnicate

--- chat (non-streaming) ---
status: 400
headers:
  content-type: application/json
  x-router-upstream-request-id: req_11d6eb9e22a64108810ec2d3096ae909
body:
{
  "error": {
    "message": "Unrecognized request argument supplied: frobnicate",
    "type": "invalid_request_error",
    "param": null,
    "code": null
  }
}
--- chat (streaming, pre-start) ---
status: 400
frames:
data: {"error":{"message":"Unrecognized request argument supplied: frobnicate","type":"invalid_request_error","param":null,"code":null}}

data: [DONE]


--- responses (non-streaming) ---
status: 400
headers:
  content-type: application/json
  x-router-upstream-request-id: req_11d6eb9e22a64108810ec2d3096ae909
body:
{
  "error": {
    "message": "Unrecognized request argument supplied: frobnicate",
    "type": "invalid_request_error",
    "param": null,
    "code": null
  }
}
--- responses (streaming, pre-start) ---
status: 400
frames:
event: error
data: {"type":"error","code":null,"message":"Unrecognized request argument supplied: frobnicate","param":null,"sequence_number":0}


--- anthropic (non-streaming) ---
status: 400
headers:
  x-router-upstream-request-id: req_11d6eb9e22a64108810ec2d3096ae909
body:
{
  "type": "error",
  "error": {
    "type": "invalid_request_error",
    "message": "Unrecognized request argument supplied: frobnicate"
  },
  "request_id": "req_11d6eb9e22a64108810ec2d3096ae909"
}
--- anthropic (streaming, pre-start) ---
status: 400
frames:
event: error
data: {"type":"error","error":{"type":"invalid_request_error","message":"Unrecognized request argument supplied: frobnicate"},"request_id":"req_11d6eb9e22a64108810ec2d3096ae909"}
