---
source: crates/xlate/tests/golden_matrix.rs
expression: resp_rendered
---
{
  "id": "resp_golden",
  "object": "response",
  "created_at": 1700000000,
  "status": "completed",
  "background": null,
  "error": null,
  "incomplete_details": null,
  "instructions": null,
  "max_output_tokens": null,
  "metadata": {},
  "model": "golden-model",
  "output": [
    {
      "type": "reasoning",
      "id": "rs_0c070d390f53b6fe006aa268aa34e087d29de7c169cd6aa7ba",
      "summary": [
        {
          "type": "summary_text",
          "text": "**Calculating multiplication**\n\nOkay, the user wants to know what 9 times 9 is. The straightforward answer is just 81. I should keep it clear and simple for them. There's no need for any complicated explanation or formatting here. Just a plain answer will do. So, I’ll respond with 81 as the answer. That should satisfy their question perfectly!"
        }
      ],
      "status": "completed"
    },
    {
      "id": "msg_0c070d390f53b6fe006aa268ab2a0087d286783fd50acc6b89",
      "type": "message",
      "status": "completed",
      "role": "assistant",
      "content": [
        {
          "type": "output_text",
          "text": "9 × 9 = 81",
          "annotations": []
        }
      ]
    }
  ],
  "parallel_tool_calls": true,
  "previous_response_id": null,
  "reasoning": null,
  "service_tier": null,
  "store": null,
  "temperature": null,
  "text": null,
  "tool_choice": "auto",
  "tools": [],
  "top_p": null,
  "truncation": "disabled",
  "usage": {
    "input_tokens": 13,
    "input_tokens_details": {
      "cached_tokens": 0,
      "cache_write_tokens": 0
    },
    "output_tokens": 50,
    "output_tokens_details": {
      "reasoning_tokens": 0
    },
    "total_tokens": 63
  },
  "user": null
}
