---
source: crates/xlate/tests/golden_matrix.rs
expression: resp_rendered
---
{
  "id": "resp_golden",
  "type": "message",
  "role": "assistant",
  "model": "golden-model",
  "content": [
    {
      "type": "tool_use",
      "id": "call_6Zuy15F39UjySfxS4fMZIvi3",
      "name": "make_code",
      "input": {
        "code": "AB123"
      }
    }
  ],
  "stop_reason": "tool_use",
  "stop_sequence": null,
  "usage": {
    "input_tokens": 51,
    "cache_read_input_tokens": 0,
    "cache_creation_input_tokens": 0,
    "cache_creation": {
      "ephemeral_5m_input_tokens": 0,
      "ephemeral_1h_input_tokens": 0
    },
    "output_tokens": 16,
    "output_tokens_details": {
      "thinking_tokens": 0
    }
  }
}
