---
source: crates/xlate/tests/golden_matrix.rs
expression: rendered
---
--- body ---
{
  "model": "gpt-6-astra",
  "input": [
    {
      "type": "message",
      "role": "user",
      "content": [
        {
          "type": "input_text",
          "text": "What is 2+2?"
        }
      ]
    }
  ],
  "reasoning": {
    "effort": "none"
  },
  "max_output_tokens": 128
}
--- headers ---
content-type: application/json
upstream_streams: false
--- degraded ---
