---
source: crates/xlate/tests/golden_matrix.rs
expression: rendered
---
--- body ---
{
  "model": "gpt-4o",
  "messages": [
    {
      "role": "user",
      "content": "Say hi."
    },
    {
      "role": "assistant",
      "content": "Hi."
    },
    {
      "role": "system",
      "content": "From now on answer only in French."
    },
    {
      "role": "user",
      "content": "How are you?"
    }
  ],
  "max_completion_tokens": 64,
  "stream": true,
  "stream_options": {
    "include_usage": true
  }
}
--- headers ---
upstream_streams: true
--- degraded ---
