---
source: crates/xlate/tests/golden_matrix.rs
expression: resp_rendered
---
{
  "id": "resp_golden",
  "object": "chat.completion",
  "created": 1700000000,
  "model": "golden-model",
  "choices": [
    {
      "index": 0,
      "message": {
        "role": "assistant",
        "content": "# 144 ÷ 12 = 12\n\n**Verification:** 12 × 12 = 144 ✓",
        "refusal": null
      },
      "finish_reason": "stop",
      "logprobs": null
    }
  ],
  "usage": {
    "prompt_tokens": 13,
    "completion_tokens": 37,
    "total_tokens": 50,
    "prompt_tokens_details": {
      "cached_tokens": 0
    }
  }
}
