---
source: crates/xlate/tests/golden_matrix.rs
expression: rendered
---
--- body ---
{
  "model": "claude-3-5-sonnet-latest",
  "messages": [
    {
      "role": "user",
      "content": [
        {
          "type": "text",
          "text": "Give a code."
        }
      ]
    }
  ],
  "max_tokens": 128,
  "output_config": {
    "format": {
      "type": "json_schema",
      "schema": {
        "properties": {
          "code": {
            "type": "string"
          }
        },
        "required": [
          "code"
        ],
        "type": "object"
      }
    }
  },
  "cache_control": {
    "type": "ephemeral"
  }
}
--- headers ---
anthropic-version: 2023-06-01
upstream_streams: false
--- degraded ---
output.schema=rewritten
