---
source: crates/xlate/tests/golden_matrix.rs
expression: render_frames(&frames)
---
event: message_start
data: {"type":"message_start","message":{"id":"resp_golden","type":"message","role":"assistant","model":"golden-model","content":[],"stop_reason":null,"stop_sequence":null,"usage":{"input_tokens":838,"cache_read_input_tokens":0,"cache_creation_input_tokens":0,"cache_creation":{"ephemeral_5m_input_tokens":0,"ephemeral_1h_input_tokens":0},"output_tokens":17,"inference_geo":"global","service_tier":"standard"}}}

event: content_block_start
data: {"type":"content_block_start","index":0,"content_block":{"type":"text","text":""}}

event: content_block_delta
data: {"type":"content_block_delta","index":0,"delta":{"type":"citations_delta","citation":{"type":"char_location","cited_text":"The Eiffel Tower is 330 metres tall and was completed in 1889.","document_index":0,"document_title":"facts.txt","start_char_index":0,"end_char_index":62}}}

event: content_block_delta
data: {"type":"content_block_delta","index":0,"delta":{"type":"text_delta","text":"The Eiff"}}

event: content_block_delta
data: {"type":"content_block_delta","index":0,"delta":{"type":"text_delta","text":"el Tower is 330 "}}

event: content_block_delta
data: {"type":"content_block_delta","index":0,"delta":{"type":"text_delta","text":"metres tall and was completed in 1889."}}

event: content_block_stop
data: {"type":"content_block_stop","index":0}

event: content_block_start
data: {"type":"content_block_start","index":1,"content_block":{"type":"text","text":""}}

event: content_block_stop
data: {"type":"content_block_stop","index":1}

event: message_delta
data: {"type":"message_delta","delta":{"stop_reason":"end_turn","stop_sequence":null},"usage":{"output_tokens":47,"output_tokens_details":{"thinking_tokens":0}}}

event: message_stop
data: {"type":"message_stop"}
