---
source: crates/xlate/tests/golden_matrix.rs
expression: resp_rendered
---
{
  "id": "resp_golden",
  "type": "message",
  "role": "assistant",
  "model": "golden-model",
  "content": [
    {
      "type": "redacted_thinking",
      "data": "EqgCCpABCBEYAipAcFYgePFDTjSY1mAc1dLHhn9kUswkcRjpxJ0mkm9ODSmEQ28huNpLA7PHbeBHmnE0XU7vWoUBnOpWb+njgRk7vDIPY2xhdWRlLXNvbm5ldC01OABCCHRoaW5raW5nWiRkZmQ0NTJkMC00NWEyLTQ4YjAtODhiZS05NWExMWU3YTQ1ZjCoAYbSidUGEgx8LbAVEN2/4nkjwPAaDLPxugzPi2z4uIRGSCIwD1LsmH6kzdIrRZYgZhMtkWChBth6bV1DCqynufeSp4WdvBQ8s5KqXY225iMvYwlgKkVmVa7l4fWsyJwjvHYjrP1BuEec8/AkMQm8Vj53XWQFZ5Fj7tud/jR9MvzBilUQvFpjcYQw00nevdPAmziwc9EHDTwsWhgYAQ=="
    },
    {
      "type": "text",
      "text": "**Step-by-step:**\n\n17 × 23 = 17 × (20 + 3)\n= 17 × 20 + 17 × 3\n= 340 + 51\n= 391\n\n**Answer: 391**"
    }
  ],
  "stop_reason": "end_turn",
  "stop_sequence": null,
  "usage": {
    "input_tokens": 24,
    "cache_read_input_tokens": 0,
    "cache_creation_input_tokens": 0,
    "cache_creation": {
      "ephemeral_5m_input_tokens": 0,
      "ephemeral_1h_input_tokens": 0
    },
    "output_tokens": 105,
    "output_tokens_details": {
      "thinking_tokens": 38
    },
    "inference_geo": "global",
    "service_tier": "standard"
  }
}
