---
source: crates/xlate/tests/golden_matrix.rs
expression: out
---
--- decoded XlateError ---
kind=invalid_request status=400 retryable=false param=max_tokens provider_type=invalid_request_error retry_after=- upstream_request_id=req_a2674c50a4dd4019bd2695fae627b215
message: Unsupported parameter: 'max_tokens' is not supported with this model. Use 'max_completion_tokens' instead.

--- chat (non-streaming) ---
status: 400
headers:
  content-type: application/json
  x-router-upstream-request-id: req_a2674c50a4dd4019bd2695fae627b215
body:
{
  "error": {
    "message": "Unsupported parameter: 'max_tokens' is not supported with this model. Use 'max_completion_tokens' instead.",
    "type": "invalid_request_error",
    "param": "max_tokens",
    "code": "unsupported_parameter"
  }
}
--- chat (streaming, pre-start) ---
status: 400
frames:
data: {"error":{"message":"Unsupported parameter: 'max_tokens' is not supported with this model. Use 'max_completion_tokens' instead.","type":"invalid_request_error","param":"max_tokens","code":"unsupported_parameter"}}

data: [DONE]


--- responses (non-streaming) ---
status: 400
headers:
  content-type: application/json
  x-router-upstream-request-id: req_a2674c50a4dd4019bd2695fae627b215
body:
{
  "error": {
    "message": "Unsupported parameter: 'max_tokens' is not supported with this model. Use 'max_completion_tokens' instead.",
    "type": "invalid_request_error",
    "param": "max_tokens",
    "code": "unsupported_parameter"
  }
}
--- responses (streaming, pre-start) ---
status: 400
frames:
event: error
data: {"type":"error","code":"unsupported_parameter","message":"Unsupported parameter: 'max_tokens' is not supported with this model. Use 'max_completion_tokens' instead.","param":"max_tokens","sequence_number":0}


--- anthropic (non-streaming) ---
status: 400
headers:
  x-router-upstream-request-id: req_a2674c50a4dd4019bd2695fae627b215
body:
{
  "type": "error",
  "error": {
    "type": "invalid_request_error",
    "message": "Unsupported parameter: 'max_tokens' is not supported with this model. Use 'max_completion_tokens' instead."
  },
  "request_id": "req_a2674c50a4dd4019bd2695fae627b215"
}
--- anthropic (streaming, pre-start) ---
status: 400
frames:
event: error
data: {"type":"error","error":{"type":"invalid_request_error","message":"Unsupported parameter: 'max_tokens' is not supported with this model. Use 'max_completion_tokens' instead."},"request_id":"req_a2674c50a4dd4019bd2695fae627b215"}
